// Jest Snapshot v1, https://goo.gl/fbAQLP

exports[`<Loader /> : initial should render correctly 1`] = `ShallowWrapper {}`;
