// Jest Snapshot v1, https://goo.gl/fbAQLP

exports[`<ErrorMessage /> : initial should render correctly 1`] = `ShallowWrapper {}`;
