// Jest Snapshot v1, https://goo.gl/fbAQLP

exports[`<Header /> : initial should render correctly 1`] = `ShallowWrapper {}`;
