// Jest Snapshot v1, https://goo.gl/fbAQLP

exports[`<NotFound /> : initial should render correctly 1`] = `ShallowWrapper {}`;
